EN randomgenerator NULL "C:/Users/blgpr/Desktop/VHDL Projects/HotNColdGame/RandomGenerator.vhd" sub00/vhpl00 1513932091
EN assigner NULL "C:/Users/blgpr/Desktop/VHDL Projects/HotNColdGame/Assigner.vhd" sub00/vhpl02 1513931683
AR randomgenerator behavioral "C:/Users/blgpr/Desktop/VHDL Projects/HotNColdGame/RandomGenerator.vhd" sub00/vhpl01 1513932092
